STEP 1: PROJECT INITIALIZATION - EXECUTION LOG
===============================================

Timestamp: January 25, 2026 20:48:06 IST
Duration: 2 minutes
Status: COMPLETE ✅

TASK 1: VERIFY DIRECTORY STRUCTURE
───────────────────────────────────
✓ app
✓ app/models
✓ app/services
✓ app/utils
✓ app/utils/middleware
✓ worker
✓ tests
✓ deployment
✓ scripts
✓ documentation
✓ documentation/agents
✓ documentation/skills

Result: All 12 directories verified ✅

TASK 2: VERIFY __INIT__.PY FILES
─────────────────────────────────
✓ app/__init__.py
✓ app/models/__init__.py
✓ app/services/__init__.py
✓ app/utils/__init__.py
✓ app/utils/middleware/__init__.py
✓ worker/__init__.py
✓ tests/__init__.py

Result: All 7 __init__.py files verified ✅

TASK 3: VERIFY CORE FILES
──────────────────────────
✓ app/config.py
✓ app/main.py
✓ worker/celery_app.py
✓ worker/tasks.py
✓ tests/conftest.py
✓ tests/test_api.py
✓ requirements.txt
✓ .env.example
✓ .gitignore
✓ pytest.ini
✓ README.md

Result: All 11 core files verified ✅

TASK 4: FILE COUNT VERIFICATION
────────────────────────────────
Total files found: 18
Expected minimum: 18+
Status: PASS ✅

SUMMARY
═══════════════════════════════════════════════
✅ PROJECT INITIALIZATION SUCCESSFUL

All directories: ✓
All packages: ✓
All core files: ✓
Total file count: ✓

The project structure is complete and ready for Step 2.

NEXT STEP: Step 2 - Configuration Layer
